import vapoursynth as vs
core = vs.core
clip = core.lsmas.LWLibavSource('C:/media/loop.mp4', cachefile={CACHE})
_src_height = clip.height
clip = clip[5:6]
if clip.get_frame(0).props.get('_Matrix', 2) == 2:
    clip = core.std.SetFrameProps(clip, _Matrix=1 if _src_height >= 720 else 6)
clip = core.resize.Bicubic(clip, width=360, height=640, format=vs.YUV420P8, matrix_s='170m')
clip = core.std.AddBorders(clip, right=24)
clip.set_output()
