import vapoursynth as vs
core = vs.core
clip = core.lsmas.LWLibavSource('C:/media/loop.mp4', cachefile={CACHE})
clip = clip[5:35]
clip = core.std.Turn180(clip)
_cx = min(max(0, 10), clip.width - 2) & ~1
_cy = min(max(0, 20), clip.height - 2) & ~1
_cw = min(100, clip.width - _cx)
_ch = min(200, clip.height - _cy)
_ar = 0.5625
_scale = min(_cw / (100 * 1.0), _ch / (200 * 1.0))
_cw = int(min(_cw, round(100 * _scale)))
_ch = int(min(_ch, round(_cw / _ar)))
_cw = int(min(_cw, round(_ch * _ar)))
_cw = _cw & ~1
_ch = _ch & ~1
if _cw >= 2 and _ch >= 2:
    clip = core.std.CropAbs(clip, width=_cw, height=_ch, left=_cx, top=_cy)
if clip.get_frame(0).props.get('_Matrix', 2) == 2:
    clip = core.std.SetFrameProps(clip, _Matrix=1 if clip.height >= 720 else 6)
clip = core.resize.Bicubic(clip, width=360, height=640, format=vs.YUV420P8, matrix_s='170m')
clip = core.std.AddBorders(clip, right=24)
clip.set_output()
